Archive member included to satisfy reference by file (symbol)

c:/ac6/systemworkbench/plugins/fr.ac6.mcu.externaltools.arm-none.win32_1.16.0.201807130628/tools/compiler/bin/../lib/gcc/arm-none-eabi/7.2.1/thumb/v7e-m/fpv4-sp/hard\libgcc.a(_aeabi_uldivmod.o)
                              Drivers/STM32F4xx_HAL_Driver/Src/stm32f4xx_hal_rcc.o (__aeabi_uldivmod)
c:/ac6/systemworkbench/plugins/fr.ac6.mcu.externaltools.arm-none.win32_1.16.0.201807130628/tools/compiler/bin/../lib/gcc/arm-none-eabi/7.2.1/thumb/v7e-m/fpv4-sp/hard\libgcc.a(_udivmoddi4.o)
                              c:/ac6/systemworkbench/plugins/fr.ac6.mcu.externaltools.arm-none.win32_1.16.0.201807130628/tools/compiler/bin/../lib/gcc/arm-none-eabi/7.2.1/thumb/v7e-m/fpv4-sp/hard\libgcc.a(_aeabi_uldivmod.o) (__udivmoddi4)
c:/ac6/systemworkbench/plugins/fr.ac6.mcu.externaltools.arm-none.win32_1.16.0.201807130628/tools/compiler/bin/../lib/gcc/arm-none-eabi/7.2.1/thumb/v7e-m/fpv4-sp/hard\libgcc.a(_dvmd_tls.o)
                              c:/ac6/systemworkbench/plugins/fr.ac6.mcu.externaltools.arm-none.win32_1.16.0.201807130628/tools/compiler/bin/../lib/gcc/arm-none-eabi/7.2.1/thumb/v7e-m/fpv4-sp/hard\libgcc.a(_aeabi_uldivmod.o) (__aeabi_ldiv0)
c:/ac6/systemworkbench/plugins/fr.ac6.mcu.externaltools.arm-none.win32_1.16.0.201807130628/tools/compiler/bin/../lib/gcc/arm-none-eabi/7.2.1/../../../../arm-none-eabi/lib/thumb/v7e-m/fpv4-sp/hard\libc_nano.a(lib_a-exit.o)
                              c:/ac6/systemworkbench/plugins/fr.ac6.mcu.externaltools.arm-none.win32_1.16.0.201807130628/tools/compiler/bin/../lib/gcc/arm-none-eabi/7.2.1/../../../../arm-none-eabi/lib/thumb/v7e-m/fpv4-sp/hard/crt0.o (exit)
c:/ac6/systemworkbench/plugins/fr.ac6.mcu.externaltools.arm-none.win32_1.16.0.201807130628/tools/compiler/bin/../lib/gcc/arm-none-eabi/7.2.1/../../../../arm-none-eabi/lib/thumb/v7e-m/fpv4-sp/hard\libc_nano.a(lib_a-impure.o)
                              c:/ac6/systemworkbench/plugins/fr.ac6.mcu.externaltools.arm-none.win32_1.16.0.201807130628/tools/compiler/bin/../lib/gcc/arm-none-eabi/7.2.1/../../../../arm-none-eabi/lib/thumb/v7e-m/fpv4-sp/hard\libc_nano.a(lib_a-exit.o) (_global_impure_ptr)
c:/ac6/systemworkbench/plugins/fr.ac6.mcu.externaltools.arm-none.win32_1.16.0.201807130628/tools/compiler/bin/../lib/gcc/arm-none-eabi/7.2.1/../../../../arm-none-eabi/lib/thumb/v7e-m/fpv4-sp/hard\libc_nano.a(lib_a-init.o)
                              c:/ac6/systemworkbench/plugins/fr.ac6.mcu.externaltools.arm-none.win32_1.16.0.201807130628/tools/compiler/bin/../lib/gcc/arm-none-eabi/7.2.1/../../../../arm-none-eabi/lib/thumb/v7e-m/fpv4-sp/hard/crt0.o (__libc_init_array)
c:/ac6/systemworkbench/plugins/fr.ac6.mcu.externaltools.arm-none.win32_1.16.0.201807130628/tools/compiler/bin/../lib/gcc/arm-none-eabi/7.2.1/../../../../arm-none-eabi/lib/thumb/v7e-m/fpv4-sp/hard\libc_nano.a(lib_a-memset.o)
                              c:/ac6/systemworkbench/plugins/fr.ac6.mcu.externaltools.arm-none.win32_1.16.0.201807130628/tools/compiler/bin/../lib/gcc/arm-none-eabi/7.2.1/../../../../arm-none-eabi/lib/thumb/v7e-m/fpv4-sp/hard/crt0.o (memset)
c:/ac6/systemworkbench/plugins/fr.ac6.mcu.externaltools.arm-none.win32_1.16.0.201807130628/tools/compiler/bin/../lib/gcc/arm-none-eabi/7.2.1/../../../../arm-none-eabi/lib/thumb/v7e-m/fpv4-sp/hard\libc_nano.a(lib_a-strcmp.o)
                              Src/Uart.o (strcmp)
c:/ac6/systemworkbench/plugins/fr.ac6.mcu.externaltools.arm-none.win32_1.16.0.201807130628/tools/compiler/bin/../lib/gcc/arm-none-eabi/7.2.1/../../../../arm-none-eabi/lib/thumb/v7e-m/fpv4-sp/hard\libnosys.a(_exit.o)
                              c:/ac6/systemworkbench/plugins/fr.ac6.mcu.externaltools.arm-none.win32_1.16.0.201807130628/tools/compiler/bin/../lib/gcc/arm-none-eabi/7.2.1/../../../../arm-none-eabi/lib/thumb/v7e-m/fpv4-sp/hard\libc_nano.a(lib_a-exit.o) (_exit)

Allocating common symbols
Common symbol       size              file

uwTick              0x4               Drivers/STM32F4xx_HAL_Driver/Src/stm32f4xx_hal.o
pFlash              0x20              Drivers/STM32F4xx_HAL_Driver/Src/stm32f4xx_hal_flash.o
tim2                0x8               Src/Timer.o
huart5              0x40              Src/main.o
receiveBuffer       0x7f              Src/main.o

Discarded input sections

 .text          0x00000000        0x0 c:/ac6/systemworkbench/plugins/fr.ac6.mcu.externaltools.arm-none.win32_1.16.0.201807130628/tools/compiler/bin/../lib/gcc/arm-none-eabi/7.2.1/thumb/v7e-m/fpv4-sp/hard/crti.o
 .data          0x00000000        0x0 c:/ac6/systemworkbench/plugins/fr.ac6.mcu.externaltools.arm-none.win32_1.16.0.201807130628/tools/compiler/bin/../lib/gcc/arm-none-eabi/7.2.1/thumb/v7e-m/fpv4-sp/hard/crti.o
 .bss           0x00000000        0x0 c:/ac6/systemworkbench/plugins/fr.ac6.mcu.externaltools.arm-none.win32_1.16.0.201807130628/tools/compiler/bin/../lib/gcc/arm-none-eabi/7.2.1/thumb/v7e-m/fpv4-sp/hard/crti.o
[...]
Memory Configuration

Name             Origin             Length             Attributes
RAM              0x20000000         0x00030000         xrw
CCMRAM           0x10000000         0x00010000         rw
FLASH            0x08000000         0x00200000         xr
*default*        0x00000000         0xffffffff

Linker script and memory map

LOAD c:/ac6/systemworkbench/plugins/fr.ac6.mcu.externaltools.arm-none.win32_1.16.0.201807130628/tools/compiler/bin/../lib/gcc/arm-none-eabi/7.2.1/thumb/v7e-m/fpv4-sp/hard/crti.o
LOAD c:/ac6/systemworkbench/plugins/fr.ac6.mcu.externaltools.arm-none.win32_1.16.0.201807130628/tools/compiler/bin/../lib/gcc/arm-none-eabi/7.2.1/thumb/v7e-m/fpv4-sp/hard/crtbegin.o
LOAD c:/ac6/systemworkbench/plugins/fr.ac6.mcu.externaltools.arm-none.win32_1.16.0.201807130628/tools/compiler/bin/../lib/gcc/arm-none-eabi/7.2.1/../../../../arm-none-eabi/lib/thumb/v7e-m/fpv4-sp/hard/crt0.o
LOAD Drivers/STM32F4xx_HAL_Driver/Src/stm32f4xx_hal.o
LOAD Drivers/STM32F4xx_HAL_Driver/Src/stm32f4xx_hal_cortex.o
LOAD Drivers/STM32F4xx_HAL_Driver/Src/stm32f4xx_hal_dma.o
LOAD Drivers/STM32F4xx_HAL_Driver/Src/stm32f4xx_hal_dma_ex.o
LOAD Drivers/STM32F4xx_HAL_Driver/Src/stm32f4xx_hal_flash.o
LOAD Drivers/STM32F4xx_HAL_Driver/Src/stm32f4xx_hal_flash_ex.o
LOAD Drivers/STM32F4xx_HAL_Driver/Src/stm32f4xx_hal_flash_ramfunc.o
LOAD Drivers/STM32F4xx_HAL_Driver/Src/stm32f4xx_hal_gpio.o
LOAD Drivers/STM32F4xx_HAL_Driver/Src/stm32f4xx_hal_pwr.o
LOAD Drivers/STM32F4xx_HAL_Driver/Src/stm32f4xx_hal_pwr_ex.o
LOAD Drivers/STM32F4xx_HAL_Driver/Src/stm32f4xx_hal_rcc.o
LOAD Drivers/STM32F4xx_HAL_Driver/Src/stm32f4xx_hal_rcc_ex.o
LOAD Drivers/STM32F4xx_HAL_Driver/Src/stm32f4xx_hal_tim.o
LOAD Drivers/STM32F4xx_HAL_Driver/Src/stm32f4xx_hal_tim_ex.o
LOAD Drivers/STM32F4xx_HAL_Driver/Src/stm32f4xx_hal_uart.o
LOAD Src/Gpio.o
LOAD Src/NVIC.o
LOAD Src/Timer.o
LOAD Src/Uart.o
LOAD Src/main.o
LOAD Src/stm32f4xx_hal_msp.o
LOAD Src/stm32f4xx_it.o
LOAD Src/system_stm32f4xx.o
LOAD startup/startup_stm32f429xx.o
LOAD c:/ac6/systemworkbench/plugins/fr.ac6.mcu.externaltools.arm-none.win32_1.16.0.201807130628/tools/compiler/bin/../lib/gcc/arm-none-eabi/7.2.1/../../../../arm-none-eabi/lib/thumb/v7e-m/fpv4-sp/hard\libm.a
START GROUP
LOAD c:/ac6/systemworkbench/plugins/fr.ac6.mcu.externaltools.arm-none.win32_1.16.0.201807130628/tools/compiler/bin/../lib/gcc/arm-none-eabi/7.2.1/thumb/v7e-m/fpv4-sp/hard\libgcc.a
LOAD c:/ac6/systemworkbench/plugins/fr.ac6.mcu.externaltools.arm-none.win32_1.16.0.201807130628/tools/compiler/bin/../lib/gcc/arm-none-eabi/7.2.1/../../../../arm-none-eabi/lib/thumb/v7e-m/fpv4-sp/hard\libc_nano.a
END GROUP
START GROUP
LOAD c:/ac6/systemworkbench/plugins/fr.ac6.mcu.externaltools.arm-none.win32_1.16.0.201807130628/tools/compiler/bin/../lib/gcc/arm-none-eabi/7.2.1/thumb/v7e-m/fpv4-sp/hard\libgcc.a
LOAD c:/ac6/systemworkbench/plugins/fr.ac6.mcu.externaltools.arm-none.win32_1.16.0.201807130628/tools/compiler/bin/../lib/gcc/arm-none-eabi/7.2.1/../../../../arm-none-eabi/lib/thumb/v7e-m/fpv4-sp/hard\libc_nano.a
LOAD c:/ac6/systemworkbench/plugins/fr.ac6.mcu.externaltools.arm-none.win32_1.16.0.201807130628/tools/compiler/bin/../lib/gcc/arm-none-eabi/7.2.1/../../../../arm-none-eabi/lib/thumb/v7e-m/fpv4-sp/hard\libnosys.a
END GROUP
START GROUP
LOAD c:/ac6/systemworkbench/plugins/fr.ac6.mcu.externaltools.arm-none.win32_1.16.0.201807130628/tools/compiler/bin/../lib/gcc/arm-none-eabi/7.2.1/thumb/v7e-m/fpv4-sp/hard\libgcc.a
LOAD c:/ac6/systemworkbench/plugins/fr.ac6.mcu.externaltools.arm-none.win32_1.16.0.201807130628/tools/compiler/bin/../lib/gcc/arm-none-eabi/7.2.1/../../../../arm-none-eabi/lib/thumb/v7e-m/fpv4-sp/hard\libc_nano.a
LOAD c:/ac6/systemworkbench/plugins/fr.ac6.mcu.externaltools.arm-none.win32_1.16.0.201807130628/tools/compiler/bin/../lib/gcc/arm-none-eabi/7.2.1/../../../../arm-none-eabi/lib/thumb/v7e-m/fpv4-sp/hard\libnosys.a
END GROUP
LOAD c:/ac6/systemworkbench/plugins/fr.ac6.mcu.externaltools.arm-none.win32_1.16.0.201807130628/tools/compiler/bin/../lib/gcc/arm-none-eabi/7.2.1/thumb/v7e-m/fpv4-sp/hard/crtend.o
LOAD c:/ac6/systemworkbench/plugins/fr.ac6.mcu.externaltools.arm-none.win32_1.16.0.201807130628/tools/compiler/bin/../lib/gcc/arm-none-eabi/7.2.1/thumb/v7e-m/fpv4-sp/hard/crtn.o
                0x20030000                _estack = 0x20030000
                0x00000200                _Min_Heap_Size = 0x200
                0x00000400                _Min_Stack_Size = 0x400

.isr_vector     0x08000000      0x1ac
                0x08000000                . = ALIGN (0x4)
 *(.isr_vector)
 .isr_vector    0x08000000      0x1ac startup/startup_stm32f429xx.o
                0x08000000                g_pfnVectors
                0x080001ac                . = ALIGN (0x4)

.text           0x080001ac     0x180c
                0x080001ac                . = ALIGN (0x4)
 *(.text)
 .text          0x080001ac       0x40 c:/ac6/systemworkbench/plugins/fr.ac6.mcu.externaltools.arm-none.win32_1.16.0.201807130628/tools/compiler/bin/../lib/gcc/arm-none-eabi/7.2.1/thumb/v7e-m/fpv4-sp/hard/crtbegin.o
 .text          0x080001ec       0x30 c:/ac6/systemworkbench/plugins/fr.ac6.mcu.externaltools.arm-none.win32_1.16.0.201807130628/tools/compiler/bin/../lib/gcc/arm-none-eabi/7.2.1/thumb/v7e-m/fpv4-sp/hard\libgcc.a(_aeabi_uldivmod.o)
                0x080001ec                __aeabi_uldivmod
 .text          0x0800021c      0x2cc c:/ac6/systemworkbench/plugins/fr.ac6.mcu.externaltools.arm-none.win32_1.16.0.201807130628/tools/compiler/bin/../lib/gcc/arm-none-eabi/7.2.1/thumb/v7e-m/fpv4-sp/hard\libgcc.a(_udivmoddi4.o)
                0x0800021c                __udivmoddi4
 .text          0x080004e8        0x4 c:/ac6/systemworkbench/plugins/fr.ac6.mcu.externaltools.arm-none.win32_1.16.0.201807130628/tools/compiler/bin/../lib/gcc/arm-none-eabi/7.2.1/thumb/v7e-m/fpv4-sp/hard\libgcc.a(_dvmd_tls.o)
                0x080004e8                __aeabi_idiv0
                0x080004e8                __aeabi_ldiv0
 .text          0x080004ec       0x14 c:/ac6/systemworkbench/plugins/fr.ac6.mcu.externaltools.arm-none.win32_1.16.0.201807130628/tools/compiler/bin/../lib/gcc/arm-none-eabi/7.2.1/../../../../arm-none-eabi/lib/thumb/v7e-m/fpv4-sp/hard\libc_nano.a(lib_a-strcmp.o)
                0x080004ec                strcmp
 *(.text*)
 .text.HAL_InitTick
                0x08000500       0x48 Drivers/STM32F4xx_HAL_Driver/Src/stm32f4xx_hal.o
                0x08000500                HAL_InitTick
 .text.HAL_Init
                0x08000548       0x34 Drivers/STM32F4xx_HAL_Driver/Src/stm32f4xx_hal.o
                0x08000548                HAL_Init
 .text.HAL_IncTick
                0x0800057c       0x18 Drivers/STM32F4xx_HAL_Driver/Src/stm32f4xx_hal.o
                0x0800057c                HAL_IncTick
 .text.HAL_GetTick
                0x08000594        0xc Drivers/STM32F4xx_HAL_Driver/Src/stm32f4xx_hal.o
                0x08000594                HAL_GetTick
 .text.HAL_NVIC_SetPriorityGrouping
                0x080005a0       0x24 Drivers/STM32F4xx_HAL_Driver/Src/stm32f4xx_hal_cortex.o
                0x080005a0                HAL_NVIC_SetPriorityGrouping
 .text.HAL_NVIC_SetPriority
                0x080005c4       0x68 Drivers/STM32F4xx_HAL_Driver/Src/stm32f4xx_hal_cortex.o
                0x080005c4                HAL_NVIC_SetPriority
 .text.HAL_SYSTICK_Config
                0x0800062c       0x2c Drivers/STM32F4xx_HAL_Driver/Src/stm32f4xx_hal_cortex.o
                0x0800062c                HAL_SYSTICK_Config
 .text.HAL_SYSTICK_CLKSourceConfig
                0x08000658       0x20 Drivers/STM32F4xx_HAL_Driver/Src/stm32f4xx_hal_cortex.o
                0x08000658                HAL_SYSTICK_CLKSourceConfig
 .text.HAL_SYSTICK_Callback
                0x08000678        0x2 Drivers/STM32F4xx_HAL_Driver/Src/stm32f4xx_hal_cortex.o
                0x08000678                HAL_SYSTICK_Callback
 .text.HAL_SYSTICK_IRQHandler
                0x0800067a        0x8 Drivers/STM32F4xx_HAL_Driver/Src/stm32f4xx_hal_cortex.o
                0x0800067a                HAL_SYSTICK_IRQHandler
 *fill*         0x08000682        0x2 
 .text.HAL_GPIO_Init
                0x08000684      0x1e0 Drivers/STM32F4xx_HAL_Driver/Src/stm32f4xx_hal_gpio.o
                0x08000684                HAL_GPIO_Init
 .text.HAL_PWREx_EnableOverDrive
                0x08000864       0x80 Drivers/STM32F4xx_HAL_Driver/Src/stm32f4xx_hal_pwr_ex.o
                0x08000864                HAL_PWREx_EnableOverDrive
 .text.HAL_RCC_OscConfig
                0x080008e4      0x398 Drivers/STM32F4xx_HAL_Driver/Src/stm32f4xx_hal_rcc.o
                0x080008e4                HAL_RCC_OscConfig
 .text.HAL_RCC_GetSysClockFreq
                0x08000c7c       0xd8 Drivers/STM32F4xx_HAL_Driver/Src/stm32f4xx_hal_rcc.o
                0x08000c7c                HAL_RCC_GetSysClockFreq
 .text.HAL_RCC_ClockConfig
                0x08000d54      0x158 Drivers/STM32F4xx_HAL_Driver/Src/stm32f4xx_hal_rcc.o
                0x08000d54                HAL_RCC_ClockConfig
 .text.HAL_RCC_GetHCLKFreq
                0x08000eac        0xc Drivers/STM32F4xx_HAL_Driver/Src/stm32f4xx_hal_rcc.o
                0x08000eac                HAL_RCC_GetHCLKFreq
 .text.HAL_RCC_GetPCLK1Freq
                0x08000eb8       0x20 Drivers/STM32F4xx_HAL_Driver/Src/stm32f4xx_hal_rcc.o
                0x08000eb8                HAL_RCC_GetPCLK1Freq
 .text.HAL_RCC_GetPCLK2Freq
                0x08000ed8       0x20 Drivers/STM32F4xx_HAL_Driver/Src/stm32f4xx_hal_rcc.o
                0x08000ed8                HAL_RCC_GetPCLK2Freq
 .text.UART_SetConfig
                0x08000ef8      0x334 Drivers/STM32F4xx_HAL_Driver/Src/stm32f4xx_hal_uart.o
 .text.HAL_HalfDuplex_Init
                0x0800122c       0x6a Drivers/STM32F4xx_HAL_Driver/Src/stm32f4xx_hal_uart.o
                0x0800122c                HAL_HalfDuplex_Init
 .text.configureGPIO_Pin
                0x08001296       0xac Src/Gpio.o
                0x08001296                configureGPIO_Pin
 .text.configureAltFunction
                0x08001342       0x34 Src/Gpio.o
                0x08001342                configureAltFunction
 .text.gpioWritePins
                0x08001376        0xe Src/Gpio.o
                0x08001376                gpioWritePins
 .text.gpioTogglePins
                0x08001384        0x8 Src/Gpio.o
                0x08001384                gpioTogglePins
 .text.nvicEnableInterrupt
                0x0800138c       0x30 Src/NVIC.o
                0x0800138c                nvicEnableInterrupt
 .text.TIM2_IRQHandler
                0x080013bc       0x50 Src/Timer.o
                0x080013bc                TIM2_IRQHandler
 .text.configureUSARTBaudRate
                0x0800140c       0x5c Src/Uart.o
                0x0800140c                configureUSARTBaudRate
 .text.configureUSART
                0x08001468       0x18 Src/Uart.o
                0x08001468                configureUSART
 .text.UART5_IRQHandler
                0x08001480       0xc4 Src/Uart.o
                0x08001480                UART5_IRQHandler
 .text.MX_GPIO_Init
                0x08001544       0x38 Src/main.o
 .text._Error_Handler
                0x0800157c        0x2 Src/main.o
                0x0800157c                _Error_Handler
 *fill*         0x0800157e        0x2 
 .text.MX_UART5_Init
                0x08001580       0x3c Src/main.o
 .text.SystemClock_Config
                0x080015bc       0xd4 Src/main.o
                0x080015bc                SystemClock_Config
 .text.main     0x08001690      0x120 Src/main.o
                0x08001690                main
 .text.HAL_MspInit
                0x080017b0       0x94 Src/stm32f4xx_hal_msp.o
                0x080017b0                HAL_MspInit
 .text.HAL_UART_MspInit
                0x08001844       0x58 Src/stm32f4xx_hal_msp.o
                0x08001844                HAL_UART_MspInit
 .text.NMI_Handler
                0x0800189c        0x2 Src/stm32f4xx_it.o
                0x0800189c                NMI_Handler
 .text.HardFault_Handler
                0x0800189e        0x2 Src/stm32f4xx_it.o
                0x0800189e                HardFault_Handler
 .text.MemManage_Handler
                0x080018a0        0x2 Src/stm32f4xx_it.o
                0x080018a0                MemManage_Handler
 .text.BusFault_Handler
                0x080018a2        0x2 Src/stm32f4xx_it.o
                0x080018a2                BusFault_Handler
 .text.UsageFault_Handler
                0x080018a4        0x2 Src/stm32f4xx_it.o
                0x080018a4                UsageFault_Handler
 .text.SVC_Handler
                0x080018a6        0x2 Src/stm32f4xx_it.o
                0x080018a6                SVC_Handler
 .text.DebugMon_Handler
                0x080018a8        0x2 Src/stm32f4xx_it.o
                0x080018a8                DebugMon_Handler
 .text.PendSV_Handler
                0x080018aa        0x2 Src/stm32f4xx_it.o
                0x080018aa                PendSV_Handler
 .text.SysTick_Handler
                0x080018ac        0xc Src/stm32f4xx_it.o
                0x080018ac                SysTick_Handler
 .text.SystemInit
                0x080018b8       0x4c Src/system_stm32f4xx.o
                0x080018b8                SystemInit
 .text.Reset_Handler
                0x08001904       0x50 startup/startup_stm32f429xx.o
                0x08001904                Reset_Handler
 .text.Default_Handler
                0x08001954        0x2 startup/startup_stm32f429xx.o
                0x08001954                RTC_Alarm_IRQHandler
                0x08001954                HASH_RNG_IRQHandler
                0x08001954                EXTI2_IRQHandler
                0x08001954                TIM8_CC_IRQHandler
                0x08001954                UART8_IRQHandler
                0x08001954                SPI4_IRQHandler
                0x08001954                TIM1_CC_IRQHandler
                0x08001954                DMA2_Stream5_IRQHandler
                0x08001954                DMA1_Stream5_IRQHandler
                0x08001954                PVD_IRQHandler
                0x08001954                SDIO_IRQHandler
                0x08001954                TAMP_STAMP_IRQHandler
                0x08001954                CAN2_RX1_IRQHandler
                0x08001954                EXTI3_IRQHandler
                0x08001954                TIM8_TRG_COM_TIM14_IRQHandler
                0x08001954                TIM1_UP_TIM10_IRQHandler
                0x08001954                TIM8_UP_TIM13_IRQHandler
                0x08001954                I2C3_ER_IRQHandler
                0x08001954                EXTI0_IRQHandler
                0x08001954                I2C2_EV_IRQHandler
                0x08001954                DMA1_Stream2_IRQHandler
                0x08001954                CAN1_RX0_IRQHandler
                0x08001954                FPU_IRQHandler
                0x08001954                OTG_HS_WKUP_IRQHandler
                0x08001954                LTDC_ER_IRQHandler
                0x08001954                CAN2_SCE_IRQHandler
                0x08001954                DMA2_Stream2_IRQHandler
                0x08001954                SPI1_IRQHandler
                0x08001954                TIM6_DAC_IRQHandler
                0x08001954                TIM1_BRK_TIM9_IRQHandler
                0x08001954                DCMI_IRQHandler
                0x08001954                CAN2_RX0_IRQHandler
                0x08001954                DMA2_Stream3_IRQHandler
                0x08001954                USART6_IRQHandler
                0x08001954                USART3_IRQHandler
                0x08001954                CAN1_RX1_IRQHandler
                0x08001954                DMA2_Stream0_IRQHandler
                0x08001954                TIM4_IRQHandler
                0x08001954                I2C1_EV_IRQHandler
                0x08001954                DMA1_Stream6_IRQHandler
                0x08001954                DMA1_Stream1_IRQHandler
                0x08001954                UART4_IRQHandler
                0x08001954                TIM3_IRQHandler
                0x08001954                RCC_IRQHandler
                0x08001954                TIM8_BRK_TIM12_IRQHandler
                0x08001954                Default_Handler
                0x08001954                EXTI15_10_IRQHandler
                0x08001954                ADC_IRQHandler
                0x08001954                DMA1_Stream7_IRQHandler
                0x08001954                SPI5_IRQHandler
                0x08001954                TIM7_IRQHandler
                0x08001954                CAN2_TX_IRQHandler
                0x08001954                TIM5_IRQHandler
                0x08001954                DMA2_Stream7_IRQHandler
                0x08001954                I2C3_EV_IRQHandler
                0x08001954                EXTI9_5_IRQHandler
                0x08001954                RTC_WKUP_IRQHandler
                0x08001954                LTDC_IRQHandler
                0x08001954                ETH_WKUP_IRQHandler
                0x08001954                SPI2_IRQHandler
                0x08001954                OTG_HS_EP1_IN_IRQHandler
                0x08001954                DMA1_Stream0_IRQHandler
                0x08001954                CAN1_TX_IRQHandler
                0x08001954                EXTI4_IRQHandler
                0x08001954                ETH_IRQHandler
                0x08001954                OTG_HS_EP1_OUT_IRQHandler
                0x08001954                WWDG_IRQHandler
                0x08001954                SPI6_IRQHandler
                0x08001954                OTG_FS_WKUP_IRQHandler
                0x08001954                TIM1_TRG_COM_TIM11_IRQHandler
                0x08001954                OTG_HS_IRQHandler
                0x08001954                DMA2D_IRQHandler
                0x08001954                EXTI1_IRQHandler
                0x08001954                UART7_IRQHandler
                0x08001954                USART2_IRQHandler
                0x08001954                I2C2_ER_IRQHandler
                0x08001954                DMA2_Stream1_IRQHandler
                0x08001954                CAN1_SCE_IRQHandler
                0x08001954                FLASH_IRQHandler
                0x08001954                DMA2_Stream4_IRQHandler
                0x08001954                USART1_IRQHandler
                0x08001954                OTG_FS_IRQHandler
                0x08001954                SPI3_IRQHandler
                0x08001954                DMA1_Stream4_IRQHandler
                0x08001954                I2C1_ER_IRQHandler
                0x08001954                FMC_IRQHandler
                0x08001954                DMA2_Stream6_IRQHandler
                0x08001954                SAI1_IRQHandler
                0x08001954                DMA1_Stream3_IRQHandler
 *fill*         0x08001956        0x2 
 .text.__libc_init_array
                0x08001958       0x48 c:/ac6/systemworkbench/plugins/fr.ac6.mcu.externaltools.arm-none.win32_1.16.0.201807130628/tools/compiler/bin/../lib/gcc/arm-none-eabi/7.2.1/../../../../arm-none-eabi/lib/thumb/v7e-m/fpv4-sp/hard\libc_nano.a(lib_a-init.o)
                0x08001958                __libc_init_array
 *(.glue_7)
 .glue_7        0x080019a0        0x0 linker stubs
 *(.glue_7t)
 .glue_7t       0x080019a0        0x0 linker stubs
 *(.eh_frame)
 .eh_frame      0x080019a0        0x0 c:/ac6/systemworkbench/plugins/fr.ac6.mcu.externaltools.arm-none.win32_1.16.0.201807130628/tools/compiler/bin/../lib/gcc/arm-none-eabi/7.2.1/thumb/v7e-m/fpv4-sp/hard/crtbegin.o
 *(.init)
 .init          0x080019a0        0x4 c:/ac6/systemworkbench/plugins/fr.ac6.mcu.externaltools.arm-none.win32_1.16.0.201807130628/tools/compiler/bin/../lib/gcc/arm-none-eabi/7.2.1/thumb/v7e-m/fpv4-sp/hard/crti.o
                0x080019a0                _init
 .init          0x080019a4        0x8 c:/ac6/systemworkbench/plugins/fr.ac6.mcu.externaltools.arm-none.win32_1.16.0.201807130628/tools/compiler/bin/../lib/gcc/arm-none-eabi/7.2.1/thumb/v7e-m/fpv4-sp/hard/crtn.o
 *(.fini)
 .fini          0x080019ac        0x4 c:/ac6/systemworkbench/plugins/fr.ac6.mcu.externaltools.arm-none.win32_1.16.0.201807130628/tools/compiler/bin/../lib/gcc/arm-none-eabi/7.2.1/thumb/v7e-m/fpv4-sp/hard/crti.o
                0x080019ac                _fini
 .fini          0x080019b0        0x8 c:/ac6/systemworkbench/plugins/fr.ac6.mcu.externaltools.arm-none.win32_1.16.0.201807130628/tools/compiler/bin/../lib/gcc/arm-none-eabi/7.2.1/thumb/v7e-m/fpv4-sp/hard/crtn.o
                0x080019b8                . = ALIGN (0x4)
                0x080019b8                _etext = .

.vfp11_veneer   0x080019b8        0x0
 .vfp11_veneer  0x080019b8        0x0 linker stubs

.v4_bx          0x080019b8        0x0
 .v4_bx         0x080019b8        0x0 linker stubs

.iplt           0x080019b8        0x0
 .iplt          0x080019b8        0x0 c:/ac6/systemworkbench/plugins/fr.ac6.mcu.externaltools.arm-none.win32_1.16.0.201807130628/tools/compiler/bin/../lib/gcc/arm-none-eabi/7.2.1/thumb/v7e-m/fpv4-sp/hard/crtbegin.o

.rodata         0x080019b8       0x50
                0x080019b8                . = ALIGN (0x4)
 *(.rodata)
 .rodata        0x080019b8       0x18 Src/system_stm32f4xx.o
                0x080019b8                AHBPrescTable
                0x080019c8                APBPrescTable
 *(.rodata*)
 .rodata.str1.4
                0x080019d0       0x26 Src/Uart.o
 *fill*         0x080019f6        0x2 
 .rodata.str1.4
                0x080019f8       0x10 Src/main.o
                                  0xe (size before relaxing)
                0x08001a08                . = ALIGN (0x4)

.ARM.extab
 *(.ARM.extab* .gnu.linkonce.armextab.*)

.ARM            0x08001a08        0x8
                0x08001a08                __exidx_start = .
 *(.ARM.exidx*)
 .ARM.exidx     0x08001a08        0x8 c:/ac6/systemworkbench/plugins/fr.ac6.mcu.externaltools.arm-none.win32_1.16.0.201807130628/tools/compiler/bin/../lib/gcc/arm-none-eabi/7.2.1/thumb/v7e-m/fpv4-sp/hard\libgcc.a(_udivmoddi4.o)
                0x08001a10                __exidx_end = .

.rel.dyn        0x08001a10        0x0
 .rel.iplt      0x08001a10        0x0 c:/ac6/systemworkbench/plugins/fr.ac6.mcu.externaltools.arm-none.win32_1.16.0.201807130628/tools/compiler/bin/../lib/gcc/arm-none-eabi/7.2.1/thumb/v7e-m/fpv4-sp/hard/crtbegin.o

.preinit_array  0x08001a10        0x0
                0x08001a10                PROVIDE (__preinit_array_start, .)
 *(.preinit_array*)
                0x08001a10                PROVIDE (__preinit_array_end, .)

.init_array     0x08001a10        0x4
                0x08001a10                PROVIDE (__init_array_start, .)
 *(SORT_BY_NAME(.init_array.*))
 *(.init_array*)
 .init_array    0x08001a10        0x4 c:/ac6/systemworkbench/plugins/fr.ac6.mcu.externaltools.arm-none.win32_1.16.0.201807130628/tools/compiler/bin/../lib/gcc/arm-none-eabi/7.2.1/thumb/v7e-m/fpv4-sp/hard/crtbegin.o
                0x08001a14                PROVIDE (__init_array_end, .)

.fini_array     0x08001a14        0x4
                [!provide]                PROVIDE (__fini_array_start, .)
 *(SORT_BY_NAME(.fini_array.*))
 *(.fini_array*)
 .fini_array    0x08001a14        0x4 c:/ac6/systemworkbench/plugins/fr.ac6.mcu.externaltools.arm-none.win32_1.16.0.201807130628/tools/compiler/bin/../lib/gcc/arm-none-eabi/7.2.1/thumb/v7e-m/fpv4-sp/hard/crtbegin.o
                [!provide]                PROVIDE (__fini_array_end, .)
                0x08001a18                _sidata = LOADADDR (.data)

.data           0x20000000        0xc load address 0x08001a18
                0x20000000                . = ALIGN (0x4)
                0x20000000                _sdata = .
 *(.data)
 .data          0x20000000        0x8 Drivers/STM32F4xx_HAL_Driver/Src/stm32f4xx_hal.o
                0x20000000                uwTickFreq
                0x20000004                uwTickPrio
 .data          0x20000008        0x4 Src/system_stm32f4xx.o
                0x20000008                SystemCoreClock
 *(.data*)
                0x2000000c                . = ALIGN (0x4)
                0x2000000c                _edata = .
                0x08001a24                _siccmram = LOADADDR (.ccmram)

.igot.plt       0x2000000c        0x0 load address 0x08001a24
 .igot.plt      0x2000000c        0x0 c:/ac6/systemworkbench/plugins/fr.ac6.mcu.externaltools.arm-none.win32_1.16.0.201807130628/tools/compiler/bin/../lib/gcc/arm-none-eabi/7.2.1/thumb/v7e-m/fpv4-sp/hard/crtbegin.o

.ccmram         0x10000000        0x0 load address 0x08001a24
                0x10000000                . = ALIGN (0x4)
                0x10000000                _sccmram = .
 *(.ccmram)
 *(.ccmram*)
                0x10000000                . = ALIGN (0x4)
                0x10000000                _eccmram = .
                0x10000000                . = ALIGN (0x4)

.bss            0x2000000c       0xe8
                0x2000000c                _sbss = .
                0x2000000c                __bss_start__ = _sbss
 *(.bss)
 .bss           0x2000000c       0x1c c:/ac6/systemworkbench/plugins/fr.ac6.mcu.externaltools.arm-none.win32_1.16.0.201807130628/tools/compiler/bin/../lib/gcc/arm-none-eabi/7.2.1/thumb/v7e-m/fpv4-sp/hard/crtbegin.o
 .bss           0x20000028        0x4 Src/Timer.o
                0x20000028                togglenum
 .bss           0x2000002c        0x4 Src/Uart.o
                0x2000002c                count
 *(.bss*)
 *(COMMON)
 COMMON         0x20000030        0x4 Drivers/STM32F4xx_HAL_Driver/Src/stm32f4xx_hal.o
                0x20000030                uwTick
 COMMON         0x20000034       0xbf Src/main.o
                0x20000034                huart5
                0x20000074                receiveBuffer
                0x200000f4                . = ALIGN (0x4)
 *fill*         0x200000f3        0x1 
                0x200000f4                _ebss = .
                0x200000f4                __bss_end__ = _ebss

._user_heap_stack
                0x200000f4      0x604
                0x200000f8                . = ALIGN (0x8)
 *fill*         0x200000f4        0x4 
                [!provide]                PROVIDE (end, .)
                [!provide]                PROVIDE (_end, .)
                0x200002f8                . = (. + _Min_Heap_Size)
 *fill*         0x200000f8      0x200 
                0x200006f8                . = (. + _Min_Stack_Size)
 *fill*         0x200002f8      0x400 
                0x200006f8                . = ALIGN (0x8)

/DISCARD/
 libc.a(*)
 libm.a(*)
 libgcc.a(*)

.ARM.attributes
                0x00000000       0x30
 *(.ARM.attributes)
 .ARM.attributes
                0x00000000       0x22 c:/ac6/systemworkbench/plugins/fr.ac6.mcu.externaltools.arm-none.win32_1.16.0.201807130628/tools/compiler/bin/../lib/gcc/arm-none-eabi/7.2.1/thumb/v7e-m/fpv4-sp/hard/crti.o
 .ARM.attributes
                0x00000022       0x34 c:/ac6/systemworkbench/plugins/fr.ac6.mcu.externaltools.arm-none.win32_1.16.0.201807130628/tools/compiler/bin/../lib/gcc/arm-none-eabi/7.2.1/thumb/v7e-m/fpv4-sp/hard/crtbegin.o
 .ARM.attributes
                0x00000056       0x39 Drivers/STM32F4xx_HAL_Driver/Src/stm32f4xx_hal.o
 .ARM.attributes
                0x0000008f       0x39 Drivers/STM32F4xx_HAL_Driver/Src/stm32f4xx_hal_cortex.o
 .ARM.attributes
                0x000000c8       0x39 Drivers/STM32F4xx_HAL_Driver/Src/stm32f4xx_hal_gpio.o
 .ARM.attributes
                0x00000101       0x39 Drivers/STM32F4xx_HAL_Driver/Src/stm32f4xx_hal_pwr_ex.o
 .ARM.attributes
                0x0000013a       0x39 Drivers/STM32F4xx_HAL_Driver/Src/stm32f4xx_hal_rcc.o
 .ARM.attributes
                0x00000173       0x39 Drivers/STM32F4xx_HAL_Driver/Src/stm32f4xx_hal_uart.o
 .ARM.attributes
                0x000001ac       0x39 Src/Gpio.o
 .ARM.attributes
                0x000001e5       0x39 Src/NVIC.o
 .ARM.attributes
                0x0000021e       0x39 Src/Timer.o
 .ARM.attributes
                0x00000257       0x39 Src/Uart.o
 .ARM.attributes
                0x00000290       0x39 Src/main.o
 .ARM.attributes
                0x000002c9       0x39 Src/stm32f4xx_hal_msp.o
 .ARM.attributes
                0x00000302       0x39 Src/stm32f4xx_it.o
 .ARM.attributes
                0x0000033b       0x39 Src/system_stm32f4xx.o
 .ARM.attributes
                0x00000374       0x21 startup/startup_stm32f429xx.o
 .ARM.attributes
                0x00000395       0x22 c:/ac6/systemworkbench/plugins/fr.ac6.mcu.externaltools.arm-none.win32_1.16.0.201807130628/tools/compiler/bin/../lib/gcc/arm-none-eabi/7.2.1/thumb/v7e-m/fpv4-sp/hard\libgcc.a(_aeabi_uldivmod.o)
 .ARM.attributes
                0x000003b7       0x34 c:/ac6/systemworkbench/plugins/fr.ac6.mcu.externaltools.arm-none.win32_1.16.0.201807130628/tools/compiler/bin/../lib/gcc/arm-none-eabi/7.2.1/thumb/v7e-m/fpv4-sp/hard\libgcc.a(_udivmoddi4.o)
 .ARM.attributes
                0x000003eb       0x22 c:/ac6/systemworkbench/plugins/fr.ac6.mcu.externaltools.arm-none.win32_1.16.0.201807130628/tools/compiler/bin/../lib/gcc/arm-none-eabi/7.2.1/thumb/v7e-m/fpv4-sp/hard\libgcc.a(_dvmd_tls.o)
 .ARM.attributes
                0x0000040d       0x34 c:/ac6/systemworkbench/plugins/fr.ac6.mcu.externaltools.arm-none.win32_1.16.0.201807130628/tools/compiler/bin/../lib/gcc/arm-none-eabi/7.2.1/../../../../arm-none-eabi/lib/thumb/v7e-m/fpv4-sp/hard\libc_nano.a(lib_a-init.o)
 .ARM.attributes
                0x00000441       0x20 c:/ac6/systemworkbench/plugins/fr.ac6.mcu.externaltools.arm-none.win32_1.16.0.201807130628/tools/compiler/bin/../lib/gcc/arm-none-eabi/7.2.1/../../../../arm-none-eabi/lib/thumb/v7e-m/fpv4-sp/hard\libc_nano.a(lib_a-strcmp.o)
 .ARM.attributes
                0x00000461       0x22 c:/ac6/systemworkbench/plugins/fr.ac6.mcu.externaltools.arm-none.win32_1.16.0.201807130628/tools/compiler/bin/../lib/gcc/arm-none-eabi/7.2.1/thumb/v7e-m/fpv4-sp/hard/crtn.o
OUTPUT(UART.elf elf32-littlearm)

.debug_info     0x00000000     0xefc8
 .debug_info    0x00000000     0x124d Drivers/STM32F4xx_HAL_Driver/Src/stm32f4xx_hal.o
 .debug_info    0x0000124d     0x178b Drivers/STM32F4xx_HAL_Driver/Src/stm32f4xx_hal_cortex.o
 .debug_info    0x000029d8      0xfad Drivers/STM32F4xx_HAL_Driver/Src/stm32f4xx_hal_gpio.o
 .debug_info    0x00003985     0x1011 Drivers/STM32F4xx_HAL_Driver/Src/stm32f4xx_hal_pwr_ex.o
 .debug_info    0x00004996     0x1275 Drivers/STM32F4xx_HAL_Driver/Src/stm32f4xx_hal_rcc.o
 .debug_info    0x00005c0b     0x1f1a Drivers/STM32F4xx_HAL_Driver/Src/stm32f4xx_hal_uart.o
 .debug_info    0x00007b25      0xc03 Src/Gpio.o
 .debug_info    0x00008728      0xae7 Src/NVIC.o
 .debug_info    0x0000920f      0x4dd Src/Timer.o
 .debug_info    0x000096ec      0xea5 Src/Uart.o
 .debug_info    0x0000a591     0x1c74 Src/main.o
 .debug_info    0x0000c205     0x14c1 Src/stm32f4xx_hal_msp.o
 .debug_info    0x0000d6c6      0xb9d Src/stm32f4xx_it.o
 .debug_info    0x0000e263      0xd43 Src/system_stm32f4xx.o
 .debug_info    0x0000efa6       0x22 startup/startup_stm32f429xx.o

.debug_abbrev   0x00000000     0x2402
 .debug_abbrev  0x00000000      0x2e5 Drivers/STM32F4xx_HAL_Driver/Src/stm32f4xx_hal.o
 .debug_abbrev  0x000002e5      0x3d6 Drivers/STM32F4xx_HAL_Driver/Src/stm32f4xx_hal_cortex.o
 .debug_abbrev  0x000006bb      0x2a7 Drivers/STM32F4xx_HAL_Driver/Src/stm32f4xx_hal_gpio.o
 .debug_abbrev  0x00000962      0x2c5 Drivers/STM32F4xx_HAL_Driver/Src/stm32f4xx_hal_pwr_ex.o
 .debug_abbrev  0x00000c27      0x333 Drivers/STM32F4xx_HAL_Driver/Src/stm32f4xx_hal_rcc.o
 .debug_abbrev  0x00000f5a      0x344 Drivers/STM32F4xx_HAL_Driver/Src/stm32f4xx_hal_uart.o
 .debug_abbrev  0x0000129e      0x26b Src/Gpio.o
 .debug_abbrev  0x00001509      0x1f0 Src/NVIC.o
 .debug_abbrev  0x000016f9      0x13f Src/Timer.o
 .debug_abbrev  0x00001838      0x25d Src/Uart.o
 .debug_abbrev  0x00001a95      0x2df Src/main.o
 .debug_abbrev  0x00001d74      0x254 Src/stm32f4xx_hal_msp.o
 .debug_abbrev  0x00001fc8      0x223 Src/stm32f4xx_it.o
 .debug_abbrev  0x000021eb      0x205 Src/system_stm32f4xx.o
 .debug_abbrev  0x000023f0       0x12 startup/startup_stm32f429xx.o

.debug_loc      0x00000000     0x2c88
 .debug_loc     0x00000000       0xfd Drivers/STM32F4xx_HAL_Driver/Src/stm32f4xx_hal.o
 .debug_loc     0x000000fd      0x5ce Drivers/STM32F4xx_HAL_Driver/Src/stm32f4xx_hal_cortex.o
 .debug_loc     0x000006cb      0x469 Drivers/STM32F4xx_HAL_Driver/Src/stm32f4xx_hal_gpio.o
 .debug_loc     0x00000b34      0x13f Drivers/STM32F4xx_HAL_Driver/Src/stm32f4xx_hal_pwr_ex.o
 .debug_loc     0x00000c73      0x3f1 Drivers/STM32F4xx_HAL_Driver/Src/stm32f4xx_hal_rcc.o
 .debug_loc     0x00001064     0x158b Drivers/STM32F4xx_HAL_Driver/Src/stm32f4xx_hal_uart.o
 .debug_loc     0x000025ef      0x1a1 Src/Gpio.o
 .debug_loc     0x00002790      0x170 Src/NVIC.o
 .debug_loc     0x00002900       0xfa Src/Timer.o
 .debug_loc     0x000029fa       0xf5 Src/Uart.o
 .debug_loc     0x00002aef       0x5b Src/stm32f4xx_hal_msp.o
 .debug_loc     0x00002b4a      0x13e Src/system_stm32f4xx.o

.debug_aranges  0x00000000      0x6b0
 .debug_aranges
                0x00000000       0xf0 Drivers/STM32F4xx_HAL_Driver/Src/stm32f4xx_hal.o
 .debug_aranges
                0x000000f0       0xa8 Drivers/STM32F4xx_HAL_Driver/Src/stm32f4xx_hal_cortex.o
 .debug_aranges
                0x00000198       0x58 Drivers/STM32F4xx_HAL_Driver/Src/stm32f4xx_hal_gpio.o
 .debug_aranges
                0x000001f0       0x60 Drivers/STM32F4xx_HAL_Driver/Src/stm32f4xx_hal_pwr_ex.o
 .debug_aranges
                0x00000250       0x88 Drivers/STM32F4xx_HAL_Driver/Src/stm32f4xx_hal_rcc.o
 .debug_aranges
                0x000002d8      0x1d0 Drivers/STM32F4xx_HAL_Driver/Src/stm32f4xx_hal_uart.o
 .debug_aranges
                0x000004a8       0x40 Src/Gpio.o
 .debug_aranges
                0x000004e8       0x38 Src/NVIC.o
 .debug_aranges
                0x00000520       0x40 Src/Timer.o
 .debug_aranges
                0x00000560       0x30 Src/Uart.o
 .debug_aranges
                0x00000590       0x40 Src/main.o
 .debug_aranges
                0x000005d0       0x30 Src/stm32f4xx_hal_msp.o
 .debug_aranges
                0x00000600       0x60 Src/stm32f4xx_it.o
 .debug_aranges
                0x00000660       0x28 Src/system_stm32f4xx.o
 .debug_aranges
                0x00000688       0x28 startup/startup_stm32f429xx.o

.debug_ranges   0x00000000      0x658
 .debug_ranges  0x00000000       0xe0 Drivers/STM32F4xx_HAL_Driver/Src/stm32f4xx_hal.o
 .debug_ranges  0x000000e0       0xf8 Drivers/STM32F4xx_HAL_Driver/Src/stm32f4xx_hal_cortex.o
 .debug_ranges  0x000001d8       0x48 Drivers/STM32F4xx_HAL_Driver/Src/stm32f4xx_hal_gpio.o
 .debug_ranges  0x00000220       0x50 Drivers/STM32F4xx_HAL_Driver/Src/stm32f4xx_hal_pwr_ex.o
 .debug_ranges  0x00000270       0x90 Drivers/STM32F4xx_HAL_Driver/Src/stm32f4xx_hal_rcc.o
 .debug_ranges  0x00000300      0x1c0 Drivers/STM32F4xx_HAL_Driver/Src/stm32f4xx_hal_uart.o
 .debug_ranges  0x000004c0       0x48 Src/Gpio.o
 .debug_ranges  0x00000508       0x28 Src/NVIC.o
 .debug_ranges  0x00000530       0x30 Src/Timer.o
 .debug_ranges  0x00000560       0x20 Src/Uart.o
 .debug_ranges  0x00000580       0x30 Src/main.o
 .debug_ranges  0x000005b0       0x20 Src/stm32f4xx_hal_msp.o
 .debug_ranges  0x000005d0       0x50 Src/stm32f4xx_it.o
 .debug_ranges  0x00000620       0x18 Src/system_stm32f4xx.o
 .debug_ranges  0x00000638       0x20 startup/startup_stm32f429xx.o

.debug_macro    0x00000000    0x23b7d
 .debug_macro   0x00000000      0x36d Drivers/STM32F4xx_HAL_Driver/Src/stm32f4xx_hal.o
 .debug_macro   0x0000036d      0xa60 Drivers/STM32F4xx_HAL_Driver/Src/stm32f4xx_hal.o
 .debug_macro   0x00000dcd       0x10 Drivers/STM32F4xx_HAL_Driver/Src/stm32f4xx_hal.o
 .debug_macro   0x00000ddd      0x17a Drivers/STM32F4xx_HAL_Driver/Src/stm32f4xx_hal.o
 .debug_macro   0x00000f57       0x32 Drivers/STM32F4xx_HAL_Driver/Src/stm32f4xx_hal.o
 .debug_macro   0x00000f89       0x28 Drivers/STM32F4xx_HAL_Driver/Src/stm32f4xx_hal.o
 .debug_macro   0x00000fb1       0x22 Drivers/STM32F4xx_HAL_Driver/Src/stm32f4xx_hal.o
 .debug_macro   0x00000fd3       0x87 Drivers/STM32F4xx_HAL_Driver/Src/stm32f4xx_hal.o
 .debug_macro   0x0000105a       0x51 Drivers/STM32F4xx_HAL_Driver/Src/stm32f4xx_hal.o
 .debug_macro   0x000010ab       0xef Drivers/STM32F4xx_HAL_Driver/Src/stm32f4xx_hal.o
 .debug_macro   0x0000119a       0x6a Drivers/STM32F4xx_HAL_Driver/Src/stm32f4xx_hal.o
 .debug_macro   0x00001204      0x1df Drivers/STM32F4xx_HAL_Driver/Src/stm32f4xx_hal.o
 .debug_macro   0x000013e3       0x35 Drivers/STM32F4xx_HAL_Driver/Src/stm32f4xx_hal.o
 .debug_macro   0x00001418       0x50 Drivers/STM32F4xx_HAL_Driver/Src/stm32f4xx_hal.o
 .debug_macro   0x00001468      0xe66 Drivers/STM32F4xx_HAL_Driver/Src/stm32f4xx_hal.o
 .debug_macro   0x000022ce    0x17e1c Drivers/STM32F4xx_HAL_Driver/Src/stm32f4xx_hal.o
 .debug_macro   0x0001a0ea       0x43 Drivers/STM32F4xx_HAL_Driver/Src/stm32f4xx_hal.o
 .debug_macro   0x0001a12d     0x35a5 Drivers/STM32F4xx_HAL_Driver/Src/stm32f4xx_hal.o
 .debug_macro   0x0001d6d2       0x58 Drivers/STM32F4xx_HAL_Driver/Src/stm32f4xx_hal.o
 .debug_macro   0x0001d72a       0x17 Drivers/STM32F4xx_HAL_Driver/Src/stm32f4xx_hal.o
 .debug_macro   0x0001d741       0x35 Drivers/STM32F4xx_HAL_Driver/Src/stm32f4xx_hal.o
 .debug_macro   0x0001d776       0x9c Drivers/STM32F4xx_HAL_Driver/Src/stm32f4xx_hal.o
 .debug_macro   0x0001d812       0x16 Drivers/STM32F4xx_HAL_Driver/Src/stm32f4xx_hal.o
 .debug_macro   0x0001d828       0x97 Drivers/STM32F4xx_HAL_Driver/Src/stm32f4xx_hal.o
 .debug_macro   0x0001d8bf      0x330 Drivers/STM32F4xx_HAL_Driver/Src/stm32f4xx_hal.o
 .debug_macro   0x0001dbef       0xfd Drivers/STM32F4xx_HAL_Driver/Src/stm32f4xx_hal.o
 .debug_macro   0x0001dcec       0x10 Drivers/STM32F4xx_HAL_Driver/Src/stm32f4xx_hal.o
 .debug_macro   0x0001dcfc       0x58 Drivers/STM32F4xx_HAL_Driver/Src/stm32f4xx_hal.o
 .debug_macro   0x0001dd54       0x1f Drivers/STM32F4xx_HAL_Driver/Src/stm32f4xx_hal.o
 .debug_macro   0x0001dd73       0x43 Drivers/STM32F4xx_HAL_Driver/Src/stm32f4xx_hal.o
 .debug_macro   0x0001ddb6       0x20 Drivers/STM32F4xx_HAL_Driver/Src/stm32f4xx_hal.o
 .debug_macro   0x0001ddd6      0x18e Drivers/STM32F4xx_HAL_Driver/Src/stm32f4xx_hal.o
 .debug_macro   0x0001df64       0x10 Drivers/STM32F4xx_HAL_Driver/Src/stm32f4xx_hal.o
 .debug_macro   0x0001df74       0x1c Drivers/STM32F4xx_HAL_Driver/Src/stm32f4xx_hal.o
 .debug_macro   0x0001df90       0x52 Drivers/STM32F4xx_HAL_Driver/Src/stm32f4xx_hal.o
 .debug_macro   0x0001dfe2       0x40 Drivers/STM32F4xx_HAL_Driver/Src/stm32f4xx_hal.o
 .debug_macro   0x0001e022       0x10 Drivers/STM32F4xx_HAL_Driver/Src/stm32f4xx_hal.o
 .debug_macro   0x0001e032       0x40 Drivers/STM32F4xx_HAL_Driver/Src/stm32f4xx_hal.o
 .debug_macro   0x0001e072       0xd7 Drivers/STM32F4xx_HAL_Driver/Src/stm32f4xx_hal.o
 .debug_macro   0x0001e149       0x1c Drivers/STM32F4xx_HAL_Driver/Src/stm32f4xx_hal.o
 .debug_macro   0x0001e165       0x3d Drivers/STM32F4xx_HAL_Driver/Src/stm32f4xx_hal.o
 .debug_macro   0x0001e1a2       0x16 Drivers/STM32F4xx_HAL_Driver/Src/stm32f4xx_hal.o
 .debug_macro   0x0001e1b8      0x16f Drivers/STM32F4xx_HAL_Driver/Src/stm32f4xx_hal.o
 .debug_macro   0x0001e327       0x50 Drivers/STM32F4xx_HAL_Driver/Src/stm32f4xx_hal.o
 .debug_macro   0x0001e377      0xca5 Drivers/STM32F4xx_HAL_Driver/Src/stm32f4xx_hal.o
 .debug_macro   0x0001f01c      0xa02 Drivers/STM32F4xx_HAL_Driver/Src/stm32f4xx_hal.o
 .debug_macro   0x0001fa1e      0x11e Drivers/STM32F4xx_HAL_Driver/Src/stm32f4xx_hal.o
 .debug_macro   0x0001fb3c      0x15f Drivers/STM32F4xx_HAL_Driver/Src/stm32f4xx_hal.o
 .debug_macro   0x0001fc9b       0x27 Drivers/STM32F4xx_HAL_Driver/Src/stm32f4xx_hal.o
 .debug_macro   0x0001fcc2      0x287 Drivers/STM32F4xx_HAL_Driver/Src/stm32f4xx_hal.o
 .debug_macro   0x0001ff49       0x5f Drivers/STM32F4xx_HAL_Driver/Src/stm32f4xx_hal.o
 .debug_macro   0x0001ffa8      0x23a Drivers/STM32F4xx_HAL_Driver/Src/stm32f4xx_hal.o
 .debug_macro   0x000201e2      0x13a Drivers/STM32F4xx_HAL_Driver/Src/stm32f4xx_hal.o
 .debug_macro   0x0002031c      0x41d Drivers/STM32F4xx_HAL_Driver/Src/stm32f4xx_hal.o
 .debug_macro   0x00020739       0x2e Drivers/STM32F4xx_HAL_Driver/Src/stm32f4xx_hal.o
 .debug_macro   0x00020767      0x11e Drivers/STM32F4xx_HAL_Driver/Src/stm32f4xx_hal.o
 .debug_macro   0x00020885       0xe2 Drivers/STM32F4xx_HAL_Driver/Src/stm32f4xx_hal.o
 .debug_macro   0x00020967       0x89 Drivers/STM32F4xx_HAL_Driver/Src/stm32f4xx_hal.o
 .debug_macro   0x000209f0      0x287 Drivers/STM32F4xx_HAL_Driver/Src/stm32f4xx_hal.o
 .debug_macro   0x00020c77      0x13b Drivers/STM32F4xx_HAL_Driver/Src/stm32f4xx_hal.o
 .debug_macro   0x00020db2      0x30d Drivers/STM32F4xx_HAL_Driver/Src/stm32f4xx_hal_cortex.o
 .debug_macro   0x000210bf      0x345 Drivers/STM32F4xx_HAL_Driver/Src/stm32f4xx_hal_gpio.o
 .debug_macro   0x00021404      0x325 Drivers/STM32F4xx_HAL_Driver/Src/stm32f4xx_hal_pwr_ex.o
 .debug_macro   0x00021729      0x331 Drivers/STM32F4xx_HAL_Driver/Src/stm32f4xx_hal_rcc.o
 .debug_macro   0x00021a5a      0x30e Drivers/STM32F4xx_HAL_Driver/Src/stm32f4xx_hal_uart.o
 .debug_macro   0x00021d68      0x1c1 Src/Gpio.o
 .debug_macro   0x00021f29       0x52 Src/Gpio.o
 .debug_macro   0x00021f7b       0x8d Src/Gpio.o
 .debug_macro   0x00022008       0x57 Src/Gpio.o
 .debug_macro   0x0002205f       0xac Src/Gpio.o
 .debug_macro   0x0002210b      0x1d6 Src/NVIC.o
 .debug_macro   0x000222e1       0x85 Src/Timer.o
 .debug_macro   0x00022366      0x1f0 Src/Timer.o
 .debug_macro   0x00022556      0x360 Src/Uart.o
 .debug_macro   0x000228b6      0x178 Src/Uart.o
 .debug_macro   0x00022a2e       0x16 Src/Uart.o
 .debug_macro   0x00022a44       0x35 Src/Uart.o
 .debug_macro   0x00022a79       0x3b Src/Uart.o
 .debug_macro   0x00022ab4       0x10 Src/Uart.o
 .debug_macro   0x00022ac4      0x379 Src/main.o
 .debug_macro   0x00022e3d      0x1bd Src/main.o
 .debug_macro   0x00022ffa      0x1f6 Src/main.o
 .debug_macro   0x000231f0      0x30d Src/stm32f4xx_hal_msp.o
 .debug_macro   0x000234fd      0x36d Src/stm32f4xx_it.o
 .debug_macro   0x0002386a      0x313 Src/system_stm32f4xx.o

.debug_line     0x00000000     0x7218
 .debug_line    0x00000000      0x950 Drivers/STM32F4xx_HAL_Driver/Src/stm32f4xx_hal.o
 .debug_line    0x00000950      0x987 Drivers/STM32F4xx_HAL_Driver/Src/stm32f4xx_hal_cortex.o
 .debug_line    0x000012d7      0x8e5 Drivers/STM32F4xx_HAL_Driver/Src/stm32f4xx_hal_gpio.o
 .debug_line    0x00001bbc      0x847 Drivers/STM32F4xx_HAL_Driver/Src/stm32f4xx_hal_pwr_ex.o
 .debug_line    0x00002403      0x9c3 Drivers/STM32F4xx_HAL_Driver/Src/stm32f4xx_hal_rcc.o
 .debug_line    0x00002dc6     0x1057 Drivers/STM32F4xx_HAL_Driver/Src/stm32f4xx_hal_uart.o
 .debug_line    0x00003e1d      0x493 Src/Gpio.o
 .debug_line    0x000042b0      0x45a Src/NVIC.o
 .debug_line    0x0000470a      0x35b Src/Timer.o
 .debug_line    0x00004a65      0x7e7 Src/Uart.o
 .debug_line    0x0000524c      0x82d Src/main.o
 .debug_line    0x00005a79      0x77e Src/stm32f4xx_hal_msp.o
 .debug_line    0x000061f7      0x82f Src/stm32f4xx_it.o
 .debug_line    0x00006a26      0x773 Src/system_stm32f4xx.o
 .debug_line    0x00007199       0x7f startup/startup_stm32f429xx.o

.debug_str      0x00000000    0xcdcea
 .debug_str     0x00000000    0xca14d Drivers/STM32F4xx_HAL_Driver/Src/stm32f4xx_hal.o
                              0xca517 (size before relaxing)
 .debug_str     0x000ca14d      0x3a7 Drivers/STM32F4xx_HAL_Driver/Src/stm32f4xx_hal_cortex.o
                              0xca20b (size before relaxing)
 .debug_str     0x000ca4f4      0x283 Drivers/STM32F4xx_HAL_Driver/Src/stm32f4xx_hal_gpio.o
                              0xc9b4d (size before relaxing)
 .debug_str     0x000ca777      0x14d Drivers/STM32F4xx_HAL_Driver/Src/stm32f4xx_hal_pwr_ex.o
                              0xc9b09 (size before relaxing)
 .debug_str     0x000ca8c4      0x378 Drivers/STM32F4xx_HAL_Driver/Src/stm32f4xx_hal_rcc.o
                              0xc9d17 (size before relaxing)
 .debug_str     0x000cac3c      0x925 Drivers/STM32F4xx_HAL_Driver/Src/stm32f4xx_hal_uart.o
                              0xca17f (size before relaxing)
 .debug_str     0x000cb561      0x3da Src/Gpio.o
                               0x821f (size before relaxing)
 .debug_str     0x000cb93b       0xfb Src/NVIC.o
                               0x7f3d (size before relaxing)
 .debug_str     0x000cba36      0xbb7 Src/Timer.o
                               0x4acd (size before relaxing)
 .debug_str     0x000cc5ed      0x6d4 Src/Uart.o
                              0xcac89 (size before relaxing)
 .debug_str     0x000cccc1      0xecc Src/main.o
                              0xcc71f (size before relaxing)
 .debug_str     0x000cdb8d       0x1b Src/stm32f4xx_hal_msp.o
                              0xca2a7 (size before relaxing)
 .debug_str     0x000cdba8       0xb8 Src/stm32f4xx_it.o
                              0xcaaf3 (size before relaxing)
 .debug_str     0x000cdc60       0x5a Src/system_stm32f4xx.o
                              0xc9909 (size before relaxing)
 .debug_str     0x000cdcba       0x30 startup/startup_stm32f429xx.o
                                 0x51 (size before relaxing)

.comment        0x00000000       0x7e
 .comment       0x00000000       0x7e Drivers/STM32F4xx_HAL_Driver/Src/stm32f4xx_hal.o
                                 0x7f (size before relaxing)
 .comment       0x0000007e       0x7f Drivers/STM32F4xx_HAL_Driver/Src/stm32f4xx_hal_cortex.o
 .comment       0x0000007e       0x7f Drivers/STM32F4xx_HAL_Driver/Src/stm32f4xx_hal_gpio.o
 .comment       0x0000007e       0x7f Drivers/STM32F4xx_HAL_Driver/Src/stm32f4xx_hal_pwr_ex.o
 .comment       0x0000007e       0x7f Drivers/STM32F4xx_HAL_Driver/Src/stm32f4xx_hal_rcc.o
 .comment       0x0000007e       0x7f Drivers/STM32F4xx_HAL_Driver/Src/stm32f4xx_hal_uart.o
 .comment       0x0000007e       0x7f Src/Gpio.o
 .comment       0x0000007e       0x7f Src/NVIC.o
 .comment       0x0000007e       0x7f Src/Timer.o
 .comment       0x0000007e       0x7f Src/Uart.o
 .comment       0x0000007e       0x7f Src/main.o
 .comment       0x0000007e       0x7f Src/stm32f4xx_hal_msp.o
 .comment       0x0000007e       0x7f Src/stm32f4xx_it.o
 .comment       0x0000007e       0x7f Src/system_stm32f4xx.o

.debug_frame    0x00000000      0xfa0
 .debug_frame   0x00000000      0x1ec Drivers/STM32F4xx_HAL_Driver/Src/stm32f4xx_hal.o
 .debug_frame   0x000001ec      0x15c Drivers/STM32F4xx_HAL_Driver/Src/stm32f4xx_hal_cortex.o
 .debug_frame   0x00000348       0xd8 Drivers/STM32F4xx_HAL_Driver/Src/stm32f4xx_hal_gpio.o
 .debug_frame   0x00000420       0xec Drivers/STM32F4xx_HAL_Driver/Src/stm32f4xx_hal_pwr_ex.o
 .debug_frame   0x0000050c      0x184 Drivers/STM32F4xx_HAL_Driver/Src/stm32f4xx_hal_rcc.o
 .debug_frame   0x00000690      0x4f0 Drivers/STM32F4xx_HAL_Driver/Src/stm32f4xx_hal_uart.o
 .debug_frame   0x00000b80       0x84 Src/Gpio.o
 .debug_frame   0x00000c04       0x50 Src/NVIC.o
 .debug_frame   0x00000c54       0x80 Src/Timer.o
 .debug_frame   0x00000cd4       0x5c Src/Uart.o
 .debug_frame   0x00000d30       0x88 Src/main.o
 .debug_frame   0x00000db8       0x64 Src/stm32f4xx_hal_msp.o
 .debug_frame   0x00000e1c       0xa8 Src/stm32f4xx_it.o
 .debug_frame   0x00000ec4       0x30 Src/system_stm32f4xx.o
 .debug_frame   0x00000ef4       0x2c c:/ac6/systemworkbench/plugins/fr.ac6.mcu.externaltools.arm-none.win32_1.16.0.201807130628/tools/compiler/bin/../lib/gcc/arm-none-eabi/7.2.1/thumb/v7e-m/fpv4-sp/hard\libgcc.a(_aeabi_uldivmod.o)
 .debug_frame   0x00000f20       0x34 c:/ac6/systemworkbench/plugins/fr.ac6.mcu.externaltools.arm-none.win32_1.16.0.201807130628/tools/compiler/bin/../lib/gcc/arm-none-eabi/7.2.1/thumb/v7e-m/fpv4-sp/hard\libgcc.a(_udivmoddi4.o)
 .debug_frame   0x00000f54       0x2c c:/ac6/systemworkbench/plugins/fr.ac6.mcu.externaltools.arm-none.win32_1.16.0.201807130628/tools/compiler/bin/../lib/gcc/arm-none-eabi/7.2.1/../../../../arm-none-eabi/lib/thumb/v7e-m/fpv4-sp/hard\libc_nano.a(lib_a-init.o)
 .debug_frame   0x00000f80       0x20 c:/ac6/systemworkbench/plugins/fr.ac6.mcu.externaltools.arm-none.win32_1.16.0.201807130628/tools/compiler/bin/../lib/gcc/arm-none-eabi/7.2.1/../../../../arm-none-eabi/lib/thumb/v7e-m/fpv4-sp/hard\libc_nano.a(lib_a-strcmp.o)
